// Jest Snapshot v1, https://goo.gl/fbAQLP

exports[`Calculation component should render 1`] = `
<DocumentFragment>
  <div
    class="sc-bdfBwQ vyhCf"
  >
    <div
      class="sc-gsTCUz fOtSmi"
    >
      <h1
        class="sc-dlfnbm lfgsvA"
      >
        The Calculator
      </h1>
      <div
        class="sc-hKgILt dcTzzD"
      >
        <div
          class="sc-eCssSg jKzFfP"
        >
          <label
            for="total"
          >
            Total:
          </label>
          <div
            class="sc-jSgupP elfDOH"
          >
            <div
              class="sc-gKsewC dycbFE"
              data-testid="total-value"
            >
              Â£0
            </div>
          </div>
        </div>
        <div
          class="sc-iBPRYJ gmnsUL"
        >
          <label
            for="income-from-sales"
          >
            Income from sales:
          </label>
          <input
            data-testid="total-part"
            id="income-from-sales"
            name="income-from-sales"
            type="number"
            value="0"
          />
        </div>
        <div
          class="sc-iBPRYJ gmnsUL"
        >
          <label
            for="commissions"
          >
            Commissions:
          </label>
          <input
            data-testid="total-part"
            id="commissions"
            name="commissions"
            type="number"
            value="0"
          />
        </div>
        <div
          class="sc-iBPRYJ gmnsUL"
        >
          <label
            for="construction"
          >
            Construction:
          </label>
          <input
            data-testid="total-part"
            id="construction"
            name="construction"
            type="number"
            value="0"
          />
        </div>
        <div
          class="sc-iBPRYJ gmnsUL"
        >
          <label
            for="other-income"
          >
            Other income:
          </label>
          <input
            data-testid="total-part"
            id="other-income"
            name="other-income"
            type="number"
            value="0"
          />
        </div>
      </div>
      <div
        class="sc-fubCfw gPJBhs"
      >
        <label>
          Share my results
        </label>
        <div
          class="sc-pFZIQ bHpDhm"
        >
          <ul>
            <li>
              <a
                href="https://www.facebook.com//"
                title="Facebook"
              >
                <i
                  class="fa fa-facebook"
                />
              </a>
            </li>
            <li>
              <a
                href="https://www.linkedin.com/company/"
                title="LinkedIn"
              >
                <i
                  class="fa fa-linkedin"
                />
              </a>
            </li>
            <li>
              <a
                href="https://www.pinterest.com/"
                title="Pinterest"
              >
                <i
                  class="fa fa-pinterest"
                />
              </a>
            </li>
            <li>
              <a
                href="https://www.instagram.com/"
                title="Instagram"
              >
                <i
                  class="fa fa-instagram"
                />
              </a>
            </li>
            <li>
              <a
                href="https://www.youtube.com/"
                title="YouTube"
              >
                <i
                  class="fa fa-youtube"
                />
              </a>
            </li>
            <li>
              <a
                href="https://twitter.com/"
                title="Twitter"
              >
                <i
                  class="fa fa-envelope"
                />
              </a>
            </li>
            <li>
              <a
                href="https://twitter.com/"
                title="Twitter"
              >
                <i
                  class="fa fa-link"
                />
              </a>
            </li>
          </ul>
        </div>
      </div>
    </div>
  </div>
</DocumentFragment>
`;
